Microchip MPLAB XC8 Compiler V1.45 ()

Linker command line:

-W-9 --edf=D:\CMS\CMS_IDE_V2.03.21\data\dat\en_msgs.txt -cs -h+practice.sym \
  --cmf=practice.cmf -z -Q79F726 -oC:\Users\jun\AppData\Local\Temp\s7vs.2 \
  -Mpractice.map -E1 -ver=XC8 -ASTACK=0A0h-0efh -pstack=STACK \
  -ACODE=00h-07FFhx4 -ASTRCODE=00h-01FFFh -ASTRING=00h-0FFhx32 \
  -ACONST=00h-0FFhx32 -AENTRY=00h-0FFhx32 -ACOMMON=070h-07Fh \
  -ABANK0=020h-06Fh -ABANK1=0A0h-0EFh -ABANK2=0120h-016Fh \
  -ARAM=020h-06Fh,0A0h-0EFh,0120h-016Fh \
  -AABS1=020h-07Fh,0A0h-0EFh,0120h-016Fh -ASFR0=00h-01Fh -ASFR1=080h-09Fh \
  -ASFR2=0100h-011Fh -ASFR3=0180h-01EFh \
  -preset_vec=00h,intentry=04h,init,end_init -ppowerup=CODE -pcinit=CODE \
  -pfunctab=ENTRY -ACONFIG=02007h-02008h -pconfig=CONFIG -DCONFIG=2 \
  -AIDLOC=02000h-02003h -pidloc=IDLOC -DIDLOC=2 -DCODE=2 -DSTRCODE=2 \
  -DSTRING=2 -DCONST=2 -DENTRY=2 -k startup.obj practice.obj 

Object code version is 3.11

Machine type is 79F726



                Name                               Link     Load   Length Selector   Space Scale
startup.obj     end_init                             12       12        3        8       0
                reset_vec                             0        0        3        0       0
practice.obj    cinit                                15       15        8        8       0
                intentry                              4        4        E        8       0
                text2                                1D       1D      150        8       0
                text1                               1AC      1AC        4      358       0
                maintext                            16D      16D       28        8       0
                cstackCOMMON                         70       70        7       70       1
                bssCOMMON                            77       77        4       70       1
                nvBANK0                              20       20        3       20       1
                nvCOMMON                             7B       7B        3       70       1
                strings                             195      195       17      32A       0

TOTAL           Name                               Link     Load   Length     Space
        CLASS   STACK          

        CLASS   CODE           
                end_init                             12       12        3         0
                cinit                                15       15        8         0
                intentry                              4        4        E         0
                reset_vec                             0        0        3         0
                text2                                1D       1D      150         0
                text1                               1AC      1AC        4         0
                maintext                            16D      16D       28         0

        CLASS   STRCODE        

        CLASS   STRING         
                strings                             195      195       17         0

        CLASS   CONST          

        CLASS   ENTRY          

        CLASS   COMMON         
                cstackCOMMON                         70       70        7         1
                bssCOMMON                            77       77        4         1
                nvCOMMON                             7B       7B        3         1

        CLASS   BANK0          
                nvBANK0                              20       20        3         1

        CLASS   BANK1          

        CLASS   BANK2          

        CLASS   RAM            

        CLASS   ABS1           
                abs_s1                               7E       7E        2         1

        CLASS   SFR0           

        CLASS   SFR1           

        CLASS   SFR2           

        CLASS   SFR3           

        CLASS   CONFIG         

        CLASS   IDLOC          

        CLASS   BANK3          

        CLASS   EEDATA         



SEGMENTS        Name                           Load    Length   Top    Selector   Space  Class     Delta

                reset_vec                      000000  000003  000003         0       0  CODE        2
                intentry                       000004  000191  000195         8       0  CODE        2
                nvBANK0                        000020  000003  000023        20       1  BANK0       1
                cstackCOMMON                   000070  00000E  00007E        70       1  COMMON      1
                strings                        000195  000017  0001AC       32A       0  STRING      2
                text1                          0001AC  000004  0001B0       358       0  CODE        2


UNUSED ADDRESS RANGES

        Name                Unused          Largest block    Delta
        BANK0            023-06F            4D           1
        BANK1            0A0-0EF            50           1
        BANK2            120-16F            50           1
        CODE             003-003             1           2
                         1B0-1FFF           800
        CONFIG           2007-2008             2           2
        CONST            003-003             1           2
                         1B0-1FFF           100
        ENTRY            003-003             1           2
                         1B0-1FFF           100
        IDLOC            2000-2003             4           2
        RAM              023-06F            4D           1
                         0A0-0EF            50
                         120-16F            50
        SFR0             000-01F            20           1
        SFR1             080-09F            20           1
        SFR2             100-11F            20           1
        SFR3             180-1EF            70           1
        STACK            0A0-0EF            50           1
        STRCODE          003-003             1           2
                         1B0-1FFF          1E50
        STRING           003-003             1           2
                         1B0-1FFF           100

                                  Symbol Table

Display@Dcount            bssCOMMON    078
DisplayComx@x             cstackCOMMON 071
DisplayData1@data         cstackCOMMON 070
DisplayData@data          cstackCOMMON 070
PL2                       text2        15F
PL4                       text2        168
_Dis_SAD                  nvBANK0      021
_Dis_SC0                  nvCOMMON     07C
_Dis_SC1                  nvCOMMON     07B
_Dis_SCircle              nvCOMMON     07D
_Dis_SFan                 bssCOMMON    07A
_Dis_SH                   nvBANK0      022
_Dis_SSun                 bssCOMMON    079
_Dis_SWS                  nvBANK0      020
_Display                  text2        02E
_DisplayComx              text2        03C
_DisplayData              text2        084
_DisplayData1             text2        0A3
_DisplayData2             text2        0C2
_DisplayFunction          text2        104
_DisplayTurn              text2        127
_INTCON                   (abs)        00B
_ISR                      text2        01D
_InitLed                  text1        1AC
_OSCCON                   (abs)        08F
_PR2                      (abs)        092
_RA0                      (abs)        028
_RA1                      (abs)        029
_RA2                      (abs)        02A
_RB4                      (abs)        034
_RB5                      (abs)        035
_SegTab                   strings      19B
_T2CON                    (abs)        012
_TMR2IE                   (abs)        461
_TMR2IF                   (abs)        061
_TRISA                    (abs)        085
_TRISA0                   (abs)        428
_TRISA1                   (abs)        429
_TRISA2                   (abs)        42A
_TRISB                    (abs)        086
_TRISB4                   (abs)        434
_TRISB5                   (abs)        435
__Habs1                   abs1         000
__Hbank0                  bank0        000
__Hbank1                  bank1        000
__Hbank2                  bank2        000
__Hbank3                  bank3        000
__HbssCOMMON              bssCOMMON    000
__Hcinit                  cinit        01D
__Hclrtext                clrtext      000
__Hcode                   code         000
__Hcommon                 common       000
__Hconfig                 config       000
__HcstackBANK0            cstackBANK0  000
__HcstackCOMMON           cstackCOMMON 000
__Heeprom_data            eeprom_data  000
__Hend_init               end_init     015
__Hfunctab                functab      000
__Hidloc                  idloc        000
__Hinit                   init         012
__Hintentry               intentry     012
__Hmaintext               maintext     000
__HnvBANK0                nvBANK0      000
__HnvCOMMON               nvCOMMON     000
__Hpa_nodes0              pa_nodes0    000
__Hpowerup                powerup      000
__Hram                    ram          000
__Hreset_vec              reset_vec    003
__Hsfr0                   sfr0         000
__Hsfr1                   sfr1         000
__Hsfr2                   sfr2         000
__Hsfr3                   sfr3         000
__Hspace_0                (abs)        1B0
__Hspace_1                (abs)        07E
__Hspace_2                (abs)        000
__Hspace_3                (abs)        000
__Hstack                  stack        000
__Hstrings                strings      000
__Htext                   text         000
__Labs1                   abs1         000
__Lbank0                  bank0        000
__Lbank1                  bank1        000
__Lbank2                  bank2        000
__Lbank3                  bank3        000
__LbssCOMMON              bssCOMMON    000
__Lcinit                  cinit        015
__Lclrtext                clrtext      000
__Lcode                   code         000
__Lcommon                 common       000
__Lconfig                 config       000
__LcstackBANK0            cstackBANK0  000
__LcstackCOMMON           cstackCOMMON 000
__Leeprom_data            eeprom_data  000
__Lend_init               end_init     012
__Lfunctab                functab      000
__Lidloc                  idloc        000
__Linit                   init         012
__Lintentry               intentry     004
__Lmaintext               maintext     000
__LnvBANK0                nvBANK0      000
__LnvCOMMON               nvCOMMON     000
__Lpa_nodes0              pa_nodes0    000
__Lpowerup                powerup      000
__Lram                    ram          000
__Lreset_vec              reset_vec    000
__Lsfr0                   sfr0         000
__Lsfr1                   sfr1         000
__Lsfr2                   sfr2         000
__Lsfr3                   sfr3         000
__Lspace_0                (abs)        000
__Lspace_1                (abs)        000
__Lspace_2                (abs)        000
__Lspace_3                (abs)        000
__Lstack                  stack        000
__Lstrings                strings      000
__Ltext                   text         000
__S0                      (abs)        1B0
__S1                      (abs)        07E
__S2                      (abs)        000
___int_sp                 stack        000
___latbits                (abs)        002
___sp                     stack        000
__end_ofPL2               text2        168
__end_ofPL4               text2        16D
__end_of_Display          text2        03C
__end_of_DisplayComx      text2        084
__end_of_DisplayData      text2        0A3
__end_of_DisplayData1     text2        0C2
__end_of_DisplayData2     text2        104
__end_of_DisplayFunction  text2        127
__end_of_DisplayTurn      text2        15F
__end_of_ISR              text2        02E
__end_of_InitLed          text1        1B0
__end_of_SegTab           strings      1AC
__end_of__initialization  cinit        019
__end_of__stringtab       strings      19B
__end_of_main             maintext     195
__initialization          cinit        015
__pbssCOMMON              bssCOMMON    077
__pcstackBANK0            cstackBANK0  000
__pcstackCOMMON           cstackCOMMON 070
__pintentry               intentry     004
__pmaintext               maintext     16D
__pnvBANK0                nvBANK0      020
__pnvCOMMON               nvCOMMON     07B
__pstrings                strings      195
__ptext1                  text1        1AC
__ptext2                  text2        01D
__ptext3                  text2        02E
__ptext4                  text2        03C
__ptext5                  text2        127
__ptext6                  text2        104
__ptext7                  text2        0C2
__ptext8                  text2        0A3
__ptext9                  text2        084
__size_of_Display         (abs)        000
__size_of_DisplayComx     (abs)        000
__size_of_DisplayData     (abs)        000
__size_of_DisplayData1    (abs)        000
__size_of_DisplayData2    (abs)        000
__size_of_DisplayFunction (abs)        000
__size_of_DisplayTurn     (abs)        000
__size_of_ISR             (abs)        000
__size_of_InitLed         (abs)        000
__size_of_main            (abs)        000
__stringbase              strings      19A
__stringtab               strings      195
_main                     maintext     16D
_tcount                   bssCOMMON    077
btemp                     (abs)        07E
end_of_initialization     cinit        019
interrupt_function        intentry     004
intlevel0                 functab      000
intlevel1                 functab      000
intlevel2                 functab      000
intlevel3                 functab      000
intlevel4                 functab      000
intlevel5                 functab      000
reset_vec                 reset_vec    000
saved_w                   (abs)        07E
stackhi                   (abs)        000
stacklo                   (abs)        000
start                     init         012
start_initialization      cinit        015
wtemp0                    (abs)        07E


FUNCTION INFORMATION:

 *************** function _main *****************
 Defined at:
		line 16 in file "D:\CMS\CMS_IDE_V2.03.21\works  暖风机\Demo\main.c"
 Parameters:    Size  Location     Type
		None
 Auto vars:     Size  Location     Type
		None
 Return value:  Size  Location     Type
                  1    wreg      void 
 Registers used:
		wreg, status,2, status,0, pclath, cstack
 Tracked objects:
		On entry : 
		On exit  : 
		Unchanged: 
 Data sizes:     COMMON   BANK0   BANK1   BANK2
      Params:         0       0       0       0
      Locals:         0       0       0       0
      Temps:          0       0       0       0
      Totals:         0       0       0       0
Total ram usage:        0 bytes
 Hardware stack levels required when called:    6
 This function calls:
		_InitLed
 This function is called by:
		Startup code after reset
 This function uses a non-reentrant model


 *************** function _InitLed *****************
 Defined at:
		line 51 in file "D:\CMS\CMS_IDE_V2.03.21\works  暖风机\Demo\Display.c"
 Parameters:    Size  Location     Type
		None
 Auto vars:     Size  Location     Type
		None
 Return value:  Size  Location     Type
                  1    wreg      void 
 Registers used:
		wreg
 Tracked objects:
		On entry : 
		On exit  : 
		Unchanged: 
 Data sizes:     COMMON   BANK0   BANK1   BANK2
      Params:         0       0       0       0
      Locals:         0       0       0       0
      Temps:          0       0       0       0
      Totals:         0       0       0       0
Total ram usage:        0 bytes
 Hardware stack levels used:    1
 Hardware stack levels required when called:    5
 This function calls:
		Nothing
 This function is called by:
		_main
 This function uses a non-reentrant model


 *************** function _ISR *****************
 Defined at:
		line 6 in file "D:\CMS\CMS_IDE_V2.03.21\works  暖风机\Demo\main.c"
 Parameters:    Size  Location     Type
		None
 Auto vars:     Size  Location     Type
		None
 Return value:  Size  Location     Type
                  1    wreg      void 
 Registers used:
		wreg, fsr0l, fsr0h, status,2, status,0, pclath, cstack
 Tracked objects:
		On entry : 
		On exit  : 
		Unchanged: 
 Data sizes:     COMMON   BANK0   BANK1   BANK2
      Params:         0       0       0       0
      Locals:         0       0       0       0
      Temps:          4       0       0       0
      Totals:         4       0       0       0
Total ram usage:        4 bytes
 Hardware stack levels used:    1
 Hardware stack levels required when called:    4
 This function calls:
		_Display
 This function is called by:
		Interrupt level 1
 This function uses a non-reentrant model


 *************** function _Display *****************
 Defined at:
		line 302 in file "D:\CMS\CMS_IDE_V2.03.21\works  暖风机\Demo\Display.c"
 Parameters:    Size  Location     Type
		None
 Auto vars:     Size  Location     Type
		None
 Return value:  Size  Location     Type
                  1    wreg      void 
 Registers used:
		wreg, fsr0l, fsr0h, status,2, status,0, pclath, cstack
 Tracked objects:
		On entry : 
		On exit  : 
		Unchanged: 
 Data sizes:     COMMON   BANK0   BANK1   BANK2
      Params:         0       0       0       0
      Locals:         0       0       0       0
      Temps:          1       0       0       0
      Totals:         1       0       0       0
Total ram usage:        1 bytes
 Hardware stack levels used:    1
 Hardware stack levels required when called:    3
 This function calls:
		_DisplayComx
 This function is called by:
		_ISR
 This function uses a non-reentrant model


 *************** function _DisplayComx *****************
 Defined at:
		line 279 in file "D:\CMS\CMS_IDE_V2.03.21\works  暖风机\Demo\Display.c"
 Parameters:    Size  Location     Type
  x               1    wreg     unsigned char 
 Auto vars:     Size  Location     Type
  x               1    1[COMMON] unsigned char 
 Return value:  Size  Location     Type
                  1    wreg      void 
 Registers used:
		wreg, fsr0l, fsr0h, status,2, status,0, pclath, cstack
 Tracked objects:
		On entry : 
		On exit  : 
		Unchanged: 
 Data sizes:     COMMON   BANK0   BANK1   BANK2
      Params:         0       0       0       0
      Locals:         1       0       0       0
      Temps:          0       0       0       0
      Totals:         1       0       0       0
Total ram usage:        1 bytes
 Hardware stack levels used:    1
 Hardware stack levels required when called:    2
 This function calls:
		_DisplayData
		_DisplayData1
		_DisplayData2
		_DisplayFunction
		_DisplayTurn
 This function is called by:
		_Display
 This function uses a non-reentrant model


 *************** function _DisplayTurn *****************
 Defined at:
		line 232 in file "D:\CMS\CMS_IDE_V2.03.21\works  暖风机\Demo\Display.c"
 Parameters:    Size  Location     Type
		None
 Auto vars:     Size  Location     Type
		None
 Return value:  Size  Location     Type
                  1    wreg      void 
 Registers used:
		wreg, fsr0l, fsr0h, status,2, status,0, pclath
 Tracked objects:
		On entry : 
		On exit  : 
		Unchanged: 
 Data sizes:     COMMON   BANK0   BANK1   BANK2
      Params:         0       0       0       0
      Locals:         0       0       0       0
      Temps:          0       0       0       0
      Totals:         0       0       0       0
Total ram usage:        0 bytes
 Hardware stack levels used:    2
 This function calls:
		Nothing
 This function is called by:
		_DisplayComx
 This function uses a non-reentrant model


 *************** function _DisplayFunction *****************
 Defined at:
		line 191 in file "D:\CMS\CMS_IDE_V2.03.21\works  暖风机\Demo\Display.c"
 Parameters:    Size  Location     Type
		None
 Auto vars:     Size  Location     Type
		None
 Return value:  Size  Location     Type
                  1    wreg      void 
 Registers used:
		wreg, status,2, status,0
 Tracked objects:
		On entry : 
		On exit  : 
		Unchanged: 
 Data sizes:     COMMON   BANK0   BANK1   BANK2
      Params:         0       0       0       0
      Locals:         0       0       0       0
      Temps:          0       0       0       0
      Totals:         0       0       0       0
Total ram usage:        0 bytes
 Hardware stack levels used:    1
 This function calls:
		Nothing
 This function is called by:
		_DisplayComx
 This function uses a non-reentrant model


 *************** function _DisplayData2 *****************
 Defined at:
		line 144 in file "D:\CMS\CMS_IDE_V2.03.21\works  暖风机\Demo\Display.c"
 Parameters:    Size  Location     Type
		None
 Auto vars:     Size  Location     Type
		None
 Return value:  Size  Location     Type
                  1    wreg      void 
 Registers used:
		wreg, fsr0l, fsr0h, status,2, status,0, pclath
 Tracked objects:
		On entry : 
		On exit  : 
		Unchanged: 
 Data sizes:     COMMON   BANK0   BANK1   BANK2
      Params:         0       0       0       0
      Locals:         0       0       0       0
      Temps:          0       0       0       0
      Totals:         0       0       0       0
Total ram usage:        0 bytes
 Hardware stack levels used:    2
 This function calls:
		Nothing
 This function is called by:
		_DisplayComx
 This function uses a non-reentrant model


 *************** function _DisplayData1 *****************
 Defined at:
		line 106 in file "D:\CMS\CMS_IDE_V2.03.21\works  暖风机\Demo\Display.c"
 Parameters:    Size  Location     Type
  data            1    wreg     unsigned char 
 Auto vars:     Size  Location     Type
  data            1    0[COMMON] unsigned char 
 Return value:  Size  Location     Type
                  1    wreg      void 
 Registers used:
		wreg
 Tracked objects:
		On entry : 
		On exit  : 
		Unchanged: 
 Data sizes:     COMMON   BANK0   BANK1   BANK2
      Params:         0       0       0       0
      Locals:         1       0       0       0
      Temps:          0       0       0       0
      Totals:         1       0       0       0
Total ram usage:        1 bytes
 Hardware stack levels used:    1
 This function calls:
		Nothing
 This function is called by:
		_DisplayComx
 This function uses a non-reentrant model


 *************** function _DisplayData *****************
 Defined at:
		line 63 in file "D:\CMS\CMS_IDE_V2.03.21\works  暖风机\Demo\Display.c"
 Parameters:    Size  Location     Type
  data            1    wreg     unsigned char 
 Auto vars:     Size  Location     Type
  data            1    0[COMMON] unsigned char 
 Return value:  Size  Location     Type
                  1    wreg      void 
 Registers used:
		wreg
 Tracked objects:
		On entry : 
		On exit  : 
		Unchanged: 
 Data sizes:     COMMON   BANK0   BANK1   BANK2
      Params:         0       0       0       0
      Locals:         1       0       0       0
      Temps:          0       0       0       0
      Totals:         1       0       0       0
Total ram usage:        1 bytes
 Hardware stack levels used:    1
 This function calls:
		Nothing
 This function is called by:
		_DisplayComx
 This function uses a non-reentrant model



MODULE INFORMATION

Module		Function		Class		Link	Load	Size
D:\CMS\CMS_IDE_V2.03.21\works  暖风机\Demo\Display.c
		_InitLed       		CODE           	01AC	0000	5
		_DisplayFunction		CODE           	0104	0000	36
		_Display       		CODE           	002E	0000	15
		_DisplayData   		CODE           	0084	0000	32
		_DisplayTurn   		CODE           	0127	0000	57
		_DisplayComx   		CODE           	003C	0000	73
		_DisplayData1  		CODE           	00A3	0000	32
		_DisplayData2  		CODE           	00C2	0000	67

D:\CMS\CMS_IDE_V2.03.21\works  暖风机\Demo\Display.c estimated size: 317

shared
		__stringtab    		STRING         	0195	0000	7
		_SegTab        		STRING         	019B	0000	18
		__initialization		CODE           	0015	0000	5
		PL2            		CODE           	015F	0000	10
		PL4            		CODE           	0168	0000	6

shared estimated size: 46

D:\CMS\CMS_IDE_V2.03.21\works  暖风机\Demo\main.c
		_ISR           		CODE           	001D	0000	18
		_main          		CODE           	016D	0000	41

D:\CMS\CMS_IDE_V2.03.21\works  暖风机\Demo\main.c estimated size: 59

